extension Article {
    static var titleLens: Lens<Article, String> {
        Lens(get: { $0.title },
             set: { $0.copy(withTitle: $1) })
    }

    static var subtitleLens: Lens<Article, String?> {
        Lens(get: { $0.subtitle },
             set: { $0.copy(withSubtitle: $1) })
    }

    static var stateLens: Lens<Article, PublicationState> {
        Lens(get: { $0.state },
             set: { $0.copy(withState: $1) })
    }

    static var authorLens: Lens<Article, Author> {
        Lens(get: { $0.author },
             set: { $0.copy(withAuthor: $1) })
    }

    static var styleLens: Lens<Article, WrittingStyle> {
        Lens(get: { $0.style },
             set: { $0.copy(withStyle: $1) })
    }
}

extension Blog {
    static var articlesLens: Lens<Blog, [Article]> {
        Lens(get: { $0.articles },
             set: { $0.copy(withArticles: $1) })
    }
}

