extension Blog {
    static var articlesFold: Fold<Blog, Article> {
        articlesLens + [Article].fold
    }
}

