internal extension Blog {
    static var articlesTraversal: Traversal<Blog, Article> {
        articlesLens + [Article].traversal
    }
}

