extension Company {
    static var employeesTraversal: Traversal<Company, Employee> {
        employeesLens + ArrayK<Employee>.traversal
    }
}

extension Employee {
    static var phonesTraversal: Traversal<Employee, String> {
        phonesLens + NEA<String>.traversal
    }

    static var emailsTraversal: Traversal<Employee, String> {
        emailsLens + NonEmptyArray<String>.traversal
    }
}

