extension Article {
    static var iso: Iso<Article, (String, String?, PublicationState, Author)> {
        Iso(get: { article in (article.title, article.subtitle, article.state, article.author) }, reverseGet: Article.init)
    }
}

extension Blog {
    static var iso: Iso<Blog, ([Article])> {
        Iso(get: { blog in (blog.articles) }, reverseGet: Blog.init)
    }
}

