internal extension Author.NestedKeys1 {
    static var nested2Optional: Optional<Author.NestedKeys1, Int> {
        Optional(set: { $0.copy(withNested2: .some($1)) },
                 getOrModify: { nestedkeys1 in
                     nestedkeys1.nested2.toOption().fold(
                         { Bow.Either.left(nestedkeys1) },
                           Bow.Either.right)
                 })
    }
}

internal extension Author.NestedKeys1.NestedKeys4 {
    static var nested7Optional: Optional<Author.NestedKeys1.NestedKeys4, String> {
        Optional(set: { $0.copy(withNested7: .some($1)) },
                 getOrModify: { nestedkeys4 in
                     nestedkeys4.nested7.toOption().fold(
                         { Bow.Either.left(nestedkeys4) },
                           Bow.Either.right)
                 })
    }

    static var nested8Optional: Optional<Author.NestedKeys1.NestedKeys4, [String]> {
        Optional(set: { $0.copy(withNested8: .some($1)) },
                 getOrModify: { nestedkeys4 in
                     nestedkeys4.nested8.toOption().fold(
                         { Bow.Either.left(nestedkeys4) },
                           Bow.Either.right)
                 })
    }
}

